src/pages/chat/ChatPage.tsx(43,41): error TS2339: Property 'getChatHistory' does not exist on type '{ sendMessage(data: { patientId: number; message: string; }): Promise<string>; }'.
src/pages/chat/ChatPage.tsx(98,25): error TS2339: Property 'clearChat' does not exist on type '{ sendMessage(data: { patientId: number; message: string; }): Promise<string>; }'.
src/pages/dashboard/AdminDashboard.tsx(72,45): error TS2339: Property 'firstName' does not exist on type 'User'.
src/pages/devices/DevicesPage.tsx(67,49): error TS2339: Property 'getDevices' does not exist on type '{ getLatestVitals(patientId: string): Promise<VitalsData>; generateVitals(patientId: string): Promise<VitalsData>; }'.
src/pages/devices/DevicesPage.tsx(85,47): error TS2339: Property 'addDevice' does not exist on type '{ getLatestVitals(patientId: string): Promise<VitalsData>; generateVitals(patientId: string): Promise<VitalsData>; }'.
src/pages/devices/DevicesPage.tsx(109,29): error TS2339: Property 'removeDevice' does not exist on type '{ getLatestVitals(patientId: string): Promise<VitalsData>; generateVitals(patientId: string): Promise<VitalsData>; }'.
src/pages/doctors/DoctorsPage.tsx(35,23): error TS2339: Property 'getSpecialties' does not exist on type '{ createDoctor(data: CreateDoctorRequest): Promise<void>; getAllDoctors(): Promise<Doctor[]>; getDoctorByUserId(userId: string): Promise<...>; getPatients(doctorId?: string): Promise<...>; }'.
src/pages/video-call/videocallpage.tsx(6,34): error TS2307: Cannot find module '@/services/videoCallService' or its corresponding type declarations.
src/pages/video-call/videocallpage.tsx(7,34): error TS2307: Cannot find module '@/services/videoChatService' or its corresponding type declarations.
src/services/notificationService.ts(8,68): error TS2339: Property 'NOTIFICATION' does not exist on type '{ AUTH: { LOGIN: string; REGISTER: string; REGISTER_PATIENT: string; REGISTER_DOCTOR: string; REFRESH: string; LOGOUT: string; }; PATIENT: { CREATE: string; BY_ID: (id: string) => string; BY_USER_ID: (userId: string) => string; ALL: string; NOTIFY: string; }; ... 6 more ...; RECOMMENDATION: { ...; }; }'.
src/services/notificationService.ts(17,66): error TS2339: Property 'NOTIFICATION' does not exist on type '{ AUTH: { LOGIN: string; REGISTER: string; REGISTER_PATIENT: string; REGISTER_DOCTOR: string; REFRESH: string; LOGOUT: string; }; PATIENT: { CREATE: string; BY_ID: (id: string) => string; BY_USER_ID: (userId: string) => string; ALL: string; NOTIFY: string; }; ... 6 more ...; RECOMMENDATION: { ...; }; }'.
src/services/notificationService.ts(26,68): error TS2339: Property 'NOTIFICATION' does not exist on type '{ AUTH: { LOGIN: string; REGISTER: string; REGISTER_PATIENT: string; REGISTER_DOCTOR: string; REFRESH: string; LOGOUT: string; }; PATIENT: { CREATE: string; BY_ID: (id: string) => string; BY_USER_ID: (userId: string) => string; ALL: string; NOTIFY: string; }; ... 6 more ...; RECOMMENDATION: { ...; }; }'.
src/services/wearableService.ts(32,9): error TS2322: Type 'Date' is not assignable to type 'string'.
src/services/wearableService.ts(53,9): error TS2322: Type 'Date' is not assignable to type 'string'.
